// Jest Snapshot v1, https://goo.gl/fbAQLP

exports[`unique returns an array which is a copy of the parameter, without duplicates 1`] = `[]`;

exports[`unique returns an array which is a copy of the parameter, without duplicates 2`] = `
[
  1,
  2,
  3,
  4,
  5,
]
`;

exports[`unique returns an array which is a copy of the parameter, without duplicates 3`] = `
[
  "a",
  "b",
  "c",
  "A",
]
`;

exports[`unique returns an array which is a copy of the parameter, without duplicates 4`] = `
[
  {},
]
`;

exports[`unique returns an array which is a copy of the parameter, without duplicates 5`] = `
[
  1,
  "1",
  {},
]
`;
